{
  "id": "thread-003-api-development",
  "title": "Desarrollo de API REST con Node.js",
  "description": "Thread sobre creación de API REST usando Express.js con autenticación JWT y validación de datos",
  "turns": [
    {
      "turn": 1,
      "role": "user",
      "content": "Quiero crear una API REST con Node.js. ¿Qué tecnologías recomiendas?",
      "timestamp": "2025-10-02T12:00:00Z"
    },
    {
      "turn": 2,
      "role": "assistant",
      "content": "Para una API REST con Node.js te recomiendo:\n\n**Stack principal:**\n- **Express.js** - framework web\n- **JWT** - autenticación\n- **Joi/Zod** - validación de datos\n- **Helmet** - seguridad\n- **CORS** - manejo de CORS\n\n¿Quieres que empecemos con la configuración básica de Express?",
      "timestamp": "2025-10-02T12:01:00Z"
    },
    {
      "turn": 3,
      "role": "user",
      "content": "Sí, pero primero necesito instalar las dependencias. ¿Cuáles instalo?",
      "timestamp": "2025-10-02T12:02:00Z"
    },
    {
      "turn": 4,
      "role": "assistant",
      "content": "Instala estas dependencias:\n\n```bash\nnpm install express jsonwebtoken joi helmet cors dotenv\nnpm install -D nodemon\n```\n\nY crea el archivo `.env`:\n```env\nPORT=3000\nJWT_SECRET=tu-secreto-super-seguro\nNODE_ENV=development\n```",
      "timestamp": "2025-10-02T12:03:00Z"
    },
    {
      "turn": 5,
      "role": "user",
      "content": "Perfecto, ya instalé todo. Ahora necesito crear el servidor básico.",
      "timestamp": "2025-10-02T12:05:00Z"
    }
  ],
  "expected_context": {
    "critical_entities": [
      "Node.js",
      "Express.js",
      "JWT",
      "Joi",
      "Zod",
      "Helmet",
      "CORS",
      "dotenv",
      "nodemon",
      "PORT=3000",
      "JWT_SECRET",
      "NODE_ENV=development"
    ],
    "decisions": [
      "Usar Express.js como framework",
      "JWT para autenticación",
      "Joi/Zod para validación",
      "Helmet para seguridad"
    ],
    "file_paths": [
      "package.json",
      ".env",
      "server.js",
      "routes/"
    ],
    "commands": [
      "npm install express jsonwebtoken joi helmet cors dotenv",
      "npm install -D nodemon"
    ]
  },
  "golden_snapshot": {
    "summary": "Configuración de API REST con Node.js y Express.js. Dependencias instaladas: express, jsonwebtoken, joi, helmet, cors, dotenv. Variables de entorno configuradas. Próximo paso: crear servidor básico.",
    "key_decisions": [
      "Usar Express.js como framework principal",
      "JWT para autenticación de usuarios",
      "Joi/Zod para validación de datos de entrada",
      "Helmet para headers de seguridad"
    ],
    "file_context": {
      "dependencies_installed": ["express", "jsonwebtoken", "joi", "helmet", "cors", "dotenv"],
      "dev_dependencies": ["nodemon"],
      "env_variables": ["PORT=3000", "JWT_SECRET", "NODE_ENV=development"]
    },
    "next_steps": [
      "Crear servidor Express básico",
      "Configurar middleware de seguridad",
      "Crear rutas de autenticación"
    ]
  }
}
